// Jest Snapshot v1, https://goo.gl/fbAQLP

exports[`<App /> should render correctly 1`] = `
ShallowWrapper {
  Symbol(enzyme.__root__): [Circular],
  Symbol(enzyme.__unrendered__): <App
    checkConnection={
      [MockFunction] {
        "calls": Array [
          Array [
            true,
          ],
        ],
        "results": Array [
          Object {
            "isThrow": false,
            "value": undefined,
          },
        ],
      }
    }
    getUserInfo={
      [MockFunction] {
        "calls": Array [
          Array [],
        ],
        "results": Array [
          Object {
            "isThrow": false,
            "value": undefined,
          },
        ],
      }
    }
    wentOffline={[MockFunction]}
    wentOnline={[MockFunction]}
  />,
  Symbol(enzyme.__renderer__): Object {
    "batchedUpdates": [Function],
    "getNode": [Function],
    "render": [Function],
    "simulateError": [Function],
    "simulateEvent": [Function],
    "unmount": [Function],
  },
  Symbol(enzyme.__node__): Object {
    "instance": null,
    "key": undefined,
    "nodeType": "host",
    "props": Object {
      "children": Array [
        <header
          className="app__header"
        >
          <div
            className="app__logo"
          >
            <Connect(Logo) />
          </div>
          <nav>
            <Connect(Nav) />
          </nav>
        </header>,
        <main
          className="app__main"
        >
          <Connect(Main) />
        </main>,
      ],
      "className": "app",
    },
    "ref": null,
    "rendered": Array [
      Object {
        "instance": null,
        "key": undefined,
        "nodeType": "host",
        "props": Object {
          "children": Array [
            <div
              className="app__logo"
            >
              <Connect(Logo) />
            </div>,
            <nav>
              <Connect(Nav) />
            </nav>,
          ],
          "className": "app__header",
        },
        "ref": null,
        "rendered": Array [
          Object {
            "instance": null,
            "key": undefined,
            "nodeType": "host",
            "props": Object {
              "children": <Connect(Logo) />,
              "className": "app__logo",
            },
            "ref": null,
            "rendered": Object {
              "instance": null,
              "key": undefined,
              "nodeType": "class",
              "props": Object {},
              "ref": null,
              "rendered": null,
              "type": [Function],
            },
            "type": "div",
          },
          Object {
            "instance": null,
            "key": undefined,
            "nodeType": "host",
            "props": Object {
              "children": <Connect(Nav) />,
            },
            "ref": null,
            "rendered": Object {
              "instance": null,
              "key": undefined,
              "nodeType": "class",
              "props": Object {},
              "ref": null,
              "rendered": null,
              "type": [Function],
            },
            "type": "nav",
          },
        ],
        "type": "header",
      },
      Object {
        "instance": null,
        "key": undefined,
        "nodeType": "host",
        "props": Object {
          "children": <Connect(Main) />,
          "className": "app__main",
        },
        "ref": null,
        "rendered": Object {
          "instance": null,
          "key": undefined,
          "nodeType": "class",
          "props": Object {},
          "ref": null,
          "rendered": null,
          "type": [Function],
        },
        "type": "main",
      },
    ],
    "type": "div",
  },
  Symbol(enzyme.__nodes__): Array [
    Object {
      "instance": null,
      "key": undefined,
      "nodeType": "host",
      "props": Object {
        "children": Array [
          <header
            className="app__header"
          >
            <div
              className="app__logo"
            >
              <Connect(Logo) />
            </div>
            <nav>
              <Connect(Nav) />
            </nav>
          </header>,
          <main
            className="app__main"
          >
            <Connect(Main) />
          </main>,
        ],
        "className": "app",
      },
      "ref": null,
      "rendered": Array [
        Object {
          "instance": null,
          "key": undefined,
          "nodeType": "host",
          "props": Object {
            "children": Array [
              <div
                className="app__logo"
              >
                <Connect(Logo) />
              </div>,
              <nav>
                <Connect(Nav) />
              </nav>,
            ],
            "className": "app__header",
          },
          "ref": null,
          "rendered": Array [
            Object {
              "instance": null,
              "key": undefined,
              "nodeType": "host",
              "props": Object {
                "children": <Connect(Logo) />,
                "className": "app__logo",
              },
              "ref": null,
              "rendered": Object {
                "instance": null,
                "key": undefined,
                "nodeType": "class",
                "props": Object {},
                "ref": null,
                "rendered": null,
                "type": [Function],
              },
              "type": "div",
            },
            Object {
              "instance": null,
              "key": undefined,
              "nodeType": "host",
              "props": Object {
                "children": <Connect(Nav) />,
              },
              "ref": null,
              "rendered": Object {
                "instance": null,
                "key": undefined,
                "nodeType": "class",
                "props": Object {},
                "ref": null,
                "rendered": null,
                "type": [Function],
              },
              "type": "nav",
            },
          ],
          "type": "header",
        },
        Object {
          "instance": null,
          "key": undefined,
          "nodeType": "host",
          "props": Object {
            "children": <Connect(Main) />,
            "className": "app__main",
          },
          "ref": null,
          "rendered": Object {
            "instance": null,
            "key": undefined,
            "nodeType": "class",
            "props": Object {},
            "ref": null,
            "rendered": null,
            "type": [Function],
          },
          "type": "main",
        },
      ],
      "type": "div",
    },
  ],
  Symbol(enzyme.__options__): Object {
    "adapter": ReactSixteenAdapter {
      "options": Object {
        "enableComponentDidUpdateOnSetState": true,
        "lifecycles": Object {
          "componentDidUpdate": Object {
            "onSetState": true,
          },
          "getDerivedStateFromProps": true,
          "getSnapshotBeforeUpdate": true,
          "setState": Object {
            "skipsComponentDidUpdateOnNullish": true,
          },
        },
      },
    },
  },
}
`;
