// Jest Snapshot v1, https://goo.gl/fbAQLP

exports[`<Form /> should render correctly 1`] = `
ShallowWrapper {
  Symbol(enzyme.__root__): [Circular],
  Symbol(enzyme.__unrendered__): <Form
    postsAdd={[MockFunction]}
  />,
  Symbol(enzyme.__renderer__): Object {
    "batchedUpdates": [Function],
    "getNode": [Function],
    "render": [Function],
    "simulateError": [Function],
    "simulateEvent": [Function],
    "unmount": [Function],
  },
  Symbol(enzyme.__node__): Object {
    "instance": null,
    "key": undefined,
    "nodeType": "host",
    "props": Object {
      "children": Array [
        <ForwardRef
          autoCapitalize={null}
          autoComplete={null}
          autoCorrect={null}
          autoFocus={null}
          id="title"
          invalidMessage="popupAddTitleInvalidMessage"
          label="popupAddTitleLabel"
          onChange={[Function]}
          pattern=".{1,255}"
          placeholder="popupAddTitleLabel"
          spellCheck={null}
          type="text"
          value=""
        />,
        <ForwardRef
          autoCapitalize={null}
          autoComplete={null}
          autoCorrect={null}
          autoFocus={null}
          id="description"
          invalidMessage="popupAddDescriptionInvalidMessage"
          label="popupAddDescriptionLabel"
          onChange={[Function]}
          pattern=".{1,65536}"
          placeholder="popupAddDescriptionLabel"
          spellCheck={null}
          type="text"
          value=""
        />,
        <ForwardRef
          autoCapitalize={null}
          autoComplete={null}
          autoCorrect={null}
          autoFocus={true}
          id="tags"
          invalidMessage="popupAddTagsInvalidMessage"
          label="popupAddTagsLabel"
          onChange={[Function]}
          pattern=".{1,255}"
          placeholder="popupAddTagsLabel"
          spellCheck={null}
          type="text"
          value=""
        />,
        <div
          className="form__options"
        >
          <div
            className="form__option"
          >
            <Checkbox
              checked={false}
              id="privatePost"
              label="popupAddPrivateCheckboxLabel"
              onChange={[Function]}
            />
          </div>
          <div
            className="form__option"
          >
            <Checkbox
              checked={false}
              id="readLater"
              label="popupAddReadLaterCheckboxLabel"
              onChange={[Function]}
            />
          </div>
        </div>,
        <Button
          disabled={false}
          onClick={[Function]}
          secondary={false}
          t="popupAddBookmarkButton"
          title="popupAddBookmarkButton (Ctrl + Enter)"
          type="button"
        />,
      ],
      "className": "form",
    },
    "ref": null,
    "rendered": Array [
      Object {
        "instance": null,
        "key": undefined,
        "nodeType": "function",
        "props": Object {
          "autoCapitalize": null,
          "autoComplete": null,
          "autoCorrect": null,
          "autoFocus": null,
          "id": "title",
          "invalidMessage": "popupAddTitleInvalidMessage",
          "label": "popupAddTitleLabel",
          "onChange": [Function],
          "pattern": ".{1,255}",
          "placeholder": "popupAddTitleLabel",
          "spellCheck": null,
          "type": "text",
          "value": "",
        },
        "ref": null,
        "rendered": null,
        "type": Object {
          "$$typeof": Symbol(react.forward_ref),
          "defaultProps": Object {
            "autoCapitalize": null,
            "autoComplete": null,
            "autoCorrect": null,
            "autoFocus": null,
            "invalidMessage": null,
            "pattern": null,
            "spellCheck": null,
            "type": "text",
          },
          "propTypes": Object {
            "autoCapitalize": [Function],
            "autoComplete": [Function],
            "autoCorrect": [Function],
            "autoFocus": [Function],
            "id": [Function],
            "invalidMessage": [Function],
            "label": [Function],
            "onChange": [Function],
            "pattern": [Function],
            "spellCheck": [Function],
            "type": [Function],
          },
          "render": [Function],
        },
      },
      Object {
        "instance": null,
        "key": undefined,
        "nodeType": "function",
        "props": Object {
          "autoCapitalize": null,
          "autoComplete": null,
          "autoCorrect": null,
          "autoFocus": null,
          "id": "description",
          "invalidMessage": "popupAddDescriptionInvalidMessage",
          "label": "popupAddDescriptionLabel",
          "onChange": [Function],
          "pattern": ".{1,65536}",
          "placeholder": "popupAddDescriptionLabel",
          "spellCheck": null,
          "type": "text",
          "value": "",
        },
        "ref": null,
        "rendered": null,
        "type": Object {
          "$$typeof": Symbol(react.forward_ref),
          "defaultProps": Object {
            "autoCapitalize": null,
            "autoComplete": null,
            "autoCorrect": null,
            "autoFocus": null,
            "invalidMessage": null,
            "pattern": null,
            "spellCheck": null,
            "type": "text",
          },
          "propTypes": Object {
            "autoCapitalize": [Function],
            "autoComplete": [Function],
            "autoCorrect": [Function],
            "autoFocus": [Function],
            "id": [Function],
            "invalidMessage": [Function],
            "label": [Function],
            "onChange": [Function],
            "pattern": [Function],
            "spellCheck": [Function],
            "type": [Function],
          },
          "render": [Function],
        },
      },
      Object {
        "instance": null,
        "key": undefined,
        "nodeType": "function",
        "props": Object {
          "autoCapitalize": null,
          "autoComplete": null,
          "autoCorrect": null,
          "autoFocus": true,
          "id": "tags",
          "invalidMessage": "popupAddTagsInvalidMessage",
          "label": "popupAddTagsLabel",
          "onChange": [Function],
          "pattern": ".{1,255}",
          "placeholder": "popupAddTagsLabel",
          "spellCheck": null,
          "type": "text",
          "value": "",
        },
        "ref": null,
        "rendered": null,
        "type": Object {
          "$$typeof": Symbol(react.forward_ref),
          "defaultProps": Object {
            "autoCapitalize": null,
            "autoComplete": null,
            "autoCorrect": null,
            "autoFocus": null,
            "invalidMessage": null,
            "pattern": null,
            "spellCheck": null,
            "type": "text",
          },
          "propTypes": Object {
            "autoCapitalize": [Function],
            "autoComplete": [Function],
            "autoCorrect": [Function],
            "autoFocus": [Function],
            "id": [Function],
            "invalidMessage": [Function],
            "label": [Function],
            "onChange": [Function],
            "pattern": [Function],
            "spellCheck": [Function],
            "type": [Function],
          },
          "render": [Function],
        },
      },
      Object {
        "instance": null,
        "key": undefined,
        "nodeType": "host",
        "props": Object {
          "children": Array [
            <div
              className="form__option"
            >
              <Checkbox
                checked={false}
                id="privatePost"
                label="popupAddPrivateCheckboxLabel"
                onChange={[Function]}
              />
            </div>,
            <div
              className="form__option"
            >
              <Checkbox
                checked={false}
                id="readLater"
                label="popupAddReadLaterCheckboxLabel"
                onChange={[Function]}
              />
            </div>,
          ],
          "className": "form__options",
        },
        "ref": null,
        "rendered": Array [
          Object {
            "instance": null,
            "key": undefined,
            "nodeType": "host",
            "props": Object {
              "children": <Checkbox
                checked={false}
                id="privatePost"
                label="popupAddPrivateCheckboxLabel"
                onChange={[Function]}
              />,
              "className": "form__option",
            },
            "ref": null,
            "rendered": Object {
              "instance": null,
              "key": undefined,
              "nodeType": "function",
              "props": Object {
                "checked": false,
                "id": "privatePost",
                "label": "popupAddPrivateCheckboxLabel",
                "onChange": [Function],
              },
              "ref": null,
              "rendered": null,
              "type": [Function],
            },
            "type": "div",
          },
          Object {
            "instance": null,
            "key": undefined,
            "nodeType": "host",
            "props": Object {
              "children": <Checkbox
                checked={false}
                id="readLater"
                label="popupAddReadLaterCheckboxLabel"
                onChange={[Function]}
              />,
              "className": "form__option",
            },
            "ref": null,
            "rendered": Object {
              "instance": null,
              "key": undefined,
              "nodeType": "function",
              "props": Object {
                "checked": false,
                "id": "readLater",
                "label": "popupAddReadLaterCheckboxLabel",
                "onChange": [Function],
              },
              "ref": null,
              "rendered": null,
              "type": [Function],
            },
            "type": "div",
          },
        ],
        "type": "div",
      },
      Object {
        "instance": null,
        "key": undefined,
        "nodeType": "function",
        "props": Object {
          "disabled": false,
          "onClick": [Function],
          "secondary": false,
          "t": "popupAddBookmarkButton",
          "title": "popupAddBookmarkButton (Ctrl + Enter)",
          "type": "button",
        },
        "ref": null,
        "rendered": null,
        "type": [Function],
      },
    ],
    "type": "div",
  },
  Symbol(enzyme.__nodes__): Array [
    Object {
      "instance": null,
      "key": undefined,
      "nodeType": "host",
      "props": Object {
        "children": Array [
          <ForwardRef
            autoCapitalize={null}
            autoComplete={null}
            autoCorrect={null}
            autoFocus={null}
            id="title"
            invalidMessage="popupAddTitleInvalidMessage"
            label="popupAddTitleLabel"
            onChange={[Function]}
            pattern=".{1,255}"
            placeholder="popupAddTitleLabel"
            spellCheck={null}
            type="text"
            value=""
          />,
          <ForwardRef
            autoCapitalize={null}
            autoComplete={null}
            autoCorrect={null}
            autoFocus={null}
            id="description"
            invalidMessage="popupAddDescriptionInvalidMessage"
            label="popupAddDescriptionLabel"
            onChange={[Function]}
            pattern=".{1,65536}"
            placeholder="popupAddDescriptionLabel"
            spellCheck={null}
            type="text"
            value=""
          />,
          <ForwardRef
            autoCapitalize={null}
            autoComplete={null}
            autoCorrect={null}
            autoFocus={true}
            id="tags"
            invalidMessage="popupAddTagsInvalidMessage"
            label="popupAddTagsLabel"
            onChange={[Function]}
            pattern=".{1,255}"
            placeholder="popupAddTagsLabel"
            spellCheck={null}
            type="text"
            value=""
          />,
          <div
            className="form__options"
          >
            <div
              className="form__option"
            >
              <Checkbox
                checked={false}
                id="privatePost"
                label="popupAddPrivateCheckboxLabel"
                onChange={[Function]}
              />
            </div>
            <div
              className="form__option"
            >
              <Checkbox
                checked={false}
                id="readLater"
                label="popupAddReadLaterCheckboxLabel"
                onChange={[Function]}
              />
            </div>
          </div>,
          <Button
            disabled={false}
            onClick={[Function]}
            secondary={false}
            t="popupAddBookmarkButton"
            title="popupAddBookmarkButton (Ctrl + Enter)"
            type="button"
          />,
        ],
        "className": "form",
      },
      "ref": null,
      "rendered": Array [
        Object {
          "instance": null,
          "key": undefined,
          "nodeType": "function",
          "props": Object {
            "autoCapitalize": null,
            "autoComplete": null,
            "autoCorrect": null,
            "autoFocus": null,
            "id": "title",
            "invalidMessage": "popupAddTitleInvalidMessage",
            "label": "popupAddTitleLabel",
            "onChange": [Function],
            "pattern": ".{1,255}",
            "placeholder": "popupAddTitleLabel",
            "spellCheck": null,
            "type": "text",
            "value": "",
          },
          "ref": null,
          "rendered": null,
          "type": Object {
            "$$typeof": Symbol(react.forward_ref),
            "defaultProps": Object {
              "autoCapitalize": null,
              "autoComplete": null,
              "autoCorrect": null,
              "autoFocus": null,
              "invalidMessage": null,
              "pattern": null,
              "spellCheck": null,
              "type": "text",
            },
            "propTypes": Object {
              "autoCapitalize": [Function],
              "autoComplete": [Function],
              "autoCorrect": [Function],
              "autoFocus": [Function],
              "id": [Function],
              "invalidMessage": [Function],
              "label": [Function],
              "onChange": [Function],
              "pattern": [Function],
              "spellCheck": [Function],
              "type": [Function],
            },
            "render": [Function],
          },
        },
        Object {
          "instance": null,
          "key": undefined,
          "nodeType": "function",
          "props": Object {
            "autoCapitalize": null,
            "autoComplete": null,
            "autoCorrect": null,
            "autoFocus": null,
            "id": "description",
            "invalidMessage": "popupAddDescriptionInvalidMessage",
            "label": "popupAddDescriptionLabel",
            "onChange": [Function],
            "pattern": ".{1,65536}",
            "placeholder": "popupAddDescriptionLabel",
            "spellCheck": null,
            "type": "text",
            "value": "",
          },
          "ref": null,
          "rendered": null,
          "type": Object {
            "$$typeof": Symbol(react.forward_ref),
            "defaultProps": Object {
              "autoCapitalize": null,
              "autoComplete": null,
              "autoCorrect": null,
              "autoFocus": null,
              "invalidMessage": null,
              "pattern": null,
              "spellCheck": null,
              "type": "text",
            },
            "propTypes": Object {
              "autoCapitalize": [Function],
              "autoComplete": [Function],
              "autoCorrect": [Function],
              "autoFocus": [Function],
              "id": [Function],
              "invalidMessage": [Function],
              "label": [Function],
              "onChange": [Function],
              "pattern": [Function],
              "spellCheck": [Function],
              "type": [Function],
            },
            "render": [Function],
          },
        },
        Object {
          "instance": null,
          "key": undefined,
          "nodeType": "function",
          "props": Object {
            "autoCapitalize": null,
            "autoComplete": null,
            "autoCorrect": null,
            "autoFocus": true,
            "id": "tags",
            "invalidMessage": "popupAddTagsInvalidMessage",
            "label": "popupAddTagsLabel",
            "onChange": [Function],
            "pattern": ".{1,255}",
            "placeholder": "popupAddTagsLabel",
            "spellCheck": null,
            "type": "text",
            "value": "",
          },
          "ref": null,
          "rendered": null,
          "type": Object {
            "$$typeof": Symbol(react.forward_ref),
            "defaultProps": Object {
              "autoCapitalize": null,
              "autoComplete": null,
              "autoCorrect": null,
              "autoFocus": null,
              "invalidMessage": null,
              "pattern": null,
              "spellCheck": null,
              "type": "text",
            },
            "propTypes": Object {
              "autoCapitalize": [Function],
              "autoComplete": [Function],
              "autoCorrect": [Function],
              "autoFocus": [Function],
              "id": [Function],
              "invalidMessage": [Function],
              "label": [Function],
              "onChange": [Function],
              "pattern": [Function],
              "spellCheck": [Function],
              "type": [Function],
            },
            "render": [Function],
          },
        },
        Object {
          "instance": null,
          "key": undefined,
          "nodeType": "host",
          "props": Object {
            "children": Array [
              <div
                className="form__option"
              >
                <Checkbox
                  checked={false}
                  id="privatePost"
                  label="popupAddPrivateCheckboxLabel"
                  onChange={[Function]}
                />
              </div>,
              <div
                className="form__option"
              >
                <Checkbox
                  checked={false}
                  id="readLater"
                  label="popupAddReadLaterCheckboxLabel"
                  onChange={[Function]}
                />
              </div>,
            ],
            "className": "form__options",
          },
          "ref": null,
          "rendered": Array [
            Object {
              "instance": null,
              "key": undefined,
              "nodeType": "host",
              "props": Object {
                "children": <Checkbox
                  checked={false}
                  id="privatePost"
                  label="popupAddPrivateCheckboxLabel"
                  onChange={[Function]}
                />,
                "className": "form__option",
              },
              "ref": null,
              "rendered": Object {
                "instance": null,
                "key": undefined,
                "nodeType": "function",
                "props": Object {
                  "checked": false,
                  "id": "privatePost",
                  "label": "popupAddPrivateCheckboxLabel",
                  "onChange": [Function],
                },
                "ref": null,
                "rendered": null,
                "type": [Function],
              },
              "type": "div",
            },
            Object {
              "instance": null,
              "key": undefined,
              "nodeType": "host",
              "props": Object {
                "children": <Checkbox
                  checked={false}
                  id="readLater"
                  label="popupAddReadLaterCheckboxLabel"
                  onChange={[Function]}
                />,
                "className": "form__option",
              },
              "ref": null,
              "rendered": Object {
                "instance": null,
                "key": undefined,
                "nodeType": "function",
                "props": Object {
                  "checked": false,
                  "id": "readLater",
                  "label": "popupAddReadLaterCheckboxLabel",
                  "onChange": [Function],
                },
                "ref": null,
                "rendered": null,
                "type": [Function],
              },
              "type": "div",
            },
          ],
          "type": "div",
        },
        Object {
          "instance": null,
          "key": undefined,
          "nodeType": "function",
          "props": Object {
            "disabled": false,
            "onClick": [Function],
            "secondary": false,
            "t": "popupAddBookmarkButton",
            "title": "popupAddBookmarkButton (Ctrl + Enter)",
            "type": "button",
          },
          "ref": null,
          "rendered": null,
          "type": [Function],
        },
      ],
      "type": "div",
    },
  ],
  Symbol(enzyme.__options__): Object {
    "adapter": ReactSixteenAdapter {
      "options": Object {
        "enableComponentDidUpdateOnSetState": true,
        "lifecycles": Object {
          "componentDidUpdate": Object {
            "onSetState": true,
          },
          "getDerivedStateFromProps": true,
          "getSnapshotBeforeUpdate": true,
          "setState": Object {
            "skipsComponentDidUpdateOnNullish": true,
          },
        },
      },
    },
  },
}
`;
