// Jest Snapshot v1, https://goo.gl/fbAQLP

exports[`<Nav /> should render correctly 1`] = `
ShallowWrapper {
  Symbol(enzyme.__root__): [Circular],
  Symbol(enzyme.__unrendered__): <Nav
    error={false}
    getInitialView={
      [MockFunction] {
        "calls": Array [
          Array [],
        ],
        "results": Array [
          Object {
            "isThrow": false,
            "value": undefined,
          },
        ],
      }
    }
    online={true}
    updateView={[MockFunction]}
    username="pinbuddy"
    view="all"
  />,
  Symbol(enzyme.__renderer__): Object {
    "batchedUpdates": [Function],
    "getNode": [Function],
    "render": [Function],
    "simulateError": [Function],
    "simulateEvent": [Function],
    "unmount": [Function],
  },
  Symbol(enzyme.__node__): Object {
    "instance": null,
    "key": undefined,
    "nodeType": "function",
    "props": Object {
      "children": Array [
        <a
          className="nav nav--active"
          data-location="all"
          href="all"
          onClick={[Function]}
          title="popupBrowseAllTitle (alt + 1)"
        >
          popupBrowseAllText
        </a>,
        <span
          className="nav__spacer"
        >
          ‧
        </span>,
        <a
          className="nav"
          data-location="add"
          href="add"
          onClick={[Function]}
          title="popupAddURLTitle (alt + 2)"
        >
          popupAddURLText
        </a>,
      ],
    },
    "ref": null,
    "rendered": Array [
      Object {
        "instance": null,
        "key": undefined,
        "nodeType": "host",
        "props": Object {
          "children": "popupBrowseAllText",
          "className": "nav nav--active",
          "data-location": "all",
          "href": "all",
          "onClick": [Function],
          "title": "popupBrowseAllTitle (alt + 1)",
        },
        "ref": null,
        "rendered": "popupBrowseAllText",
        "type": "a",
      },
      Object {
        "instance": null,
        "key": undefined,
        "nodeType": "host",
        "props": Object {
          "children": "‧",
          "className": "nav__spacer",
        },
        "ref": null,
        "rendered": "‧",
        "type": "span",
      },
      Object {
        "instance": null,
        "key": undefined,
        "nodeType": "host",
        "props": Object {
          "children": "popupAddURLText",
          "className": "nav",
          "data-location": "add",
          "href": "add",
          "onClick": [Function],
          "title": "popupAddURLTitle (alt + 2)",
        },
        "ref": null,
        "rendered": "popupAddURLText",
        "type": "a",
      },
    ],
    "type": Symbol(react.fragment),
  },
  Symbol(enzyme.__nodes__): Array [
    Object {
      "instance": null,
      "key": undefined,
      "nodeType": "function",
      "props": Object {
        "children": Array [
          <a
            className="nav nav--active"
            data-location="all"
            href="all"
            onClick={[Function]}
            title="popupBrowseAllTitle (alt + 1)"
          >
            popupBrowseAllText
          </a>,
          <span
            className="nav__spacer"
          >
            ‧
          </span>,
          <a
            className="nav"
            data-location="add"
            href="add"
            onClick={[Function]}
            title="popupAddURLTitle (alt + 2)"
          >
            popupAddURLText
          </a>,
        ],
      },
      "ref": null,
      "rendered": Array [
        Object {
          "instance": null,
          "key": undefined,
          "nodeType": "host",
          "props": Object {
            "children": "popupBrowseAllText",
            "className": "nav nav--active",
            "data-location": "all",
            "href": "all",
            "onClick": [Function],
            "title": "popupBrowseAllTitle (alt + 1)",
          },
          "ref": null,
          "rendered": "popupBrowseAllText",
          "type": "a",
        },
        Object {
          "instance": null,
          "key": undefined,
          "nodeType": "host",
          "props": Object {
            "children": "‧",
            "className": "nav__spacer",
          },
          "ref": null,
          "rendered": "‧",
          "type": "span",
        },
        Object {
          "instance": null,
          "key": undefined,
          "nodeType": "host",
          "props": Object {
            "children": "popupAddURLText",
            "className": "nav",
            "data-location": "add",
            "href": "add",
            "onClick": [Function],
            "title": "popupAddURLTitle (alt + 2)",
          },
          "ref": null,
          "rendered": "popupAddURLText",
          "type": "a",
        },
      ],
      "type": Symbol(react.fragment),
    },
  ],
  Symbol(enzyme.__options__): Object {
    "adapter": ReactSixteenAdapter {
      "options": Object {
        "enableComponentDidUpdateOnSetState": true,
        "lifecycles": Object {
          "componentDidUpdate": Object {
            "onSetState": true,
          },
          "getDerivedStateFromProps": true,
          "getSnapshotBeforeUpdate": true,
          "setState": Object {
            "skipsComponentDidUpdateOnNullish": true,
          },
        },
      },
    },
  },
}
`;
